main.c:76:6:delay_us	16	static
main.c:83:6:ADS_CSON	4	static
main.c:87:6:ADS_CSOFF	4	static
main.c:91:6:ADS_waitDRDY	8	static
main.c:97:6:ADS_sendCommand	16	static
main.c:106:9:ADS_readRegister	24	static
main.c:118:6:ADS_writeRegister	24	static
main.c:129:9:ADS_getStatus	8	static
main.c:134:5:ADS_begin	16	static
main.c:143:5:ADS_begin_drate	24	static
main.c:162:6:ADS_setChannel	24	static
main.c:234:6:ADS_setPChannel	16	static
main.c:238:10:ADS_read_uint24	16	static
main.c:249:6:ADS_read_int32	16	static
main.c:261:7:ADS_read_float32	16	static
main.c:267:7:ADS_readCurrentChannel	32	static
main.c:280:6:HAL_GPIO_EXTI_Callback	24	static
main.c:307:6:HAL_SPI_TxRxCpltCallback	16	static
main.c:333:5:main	8	static
main.c:430:6:SystemClock_Config	96	static
main.c:479:13:MX_SPI2_Init	8	static
main.c:519:13:MX_TIM6_Init	24	static
main.c:555:13:MX_DMA_Init	16	static
main.c:576:13:MX_GPIO_Init	40	static
main.c:635:6:Error_Handler	4	static,ignoring_inline_asm
