main.c:95:6:delay_us	16	static
main.c:100:6:ADS_waitDRDY	8	static
main.c:104:6:ADS_sendCommand	16	static
main.c:110:9:ADS_readRegister	24	static
main.c:120:6:ADS_writeRegister	24	static
main.c:126:9:ADS_getStatus	8	static
main.c:131:5:ADS_begin	16	static
main.c:139:5:ADS_begin_drate	24	static
main.c:157:6:ADS_setChannel	24	static
main.c:227:6:ADS_setPChannel	16	static
main.c:230:6:HAL_GPIO_EXTI_Callback	16	static
main.c:246:6:HAL_SPI_TxCpltCallback	16	static
main.c:253:6:HAL_SPI_TxRxCpltCallback	16	static
main.c:262:6:HAL_SPI_TxRxHalfCpltCallback	16	static
main.c:271:6:dosth	8	static
main.c:287:5:main	16	static
main.c:370:6:SystemClock_Config	96	static
main.c:419:13:MX_SPI2_Init	8	static
main.c:459:13:MX_TIM2_Init	64	static
main.c:518:13:MX_TIM6_Init	24	static
main.c:554:13:MX_DMA_Init	16	static
main.c:575:13:MX_GPIO_Init	40	static
main.c:634:6:Error_Handler	4	static,ignoring_inline_asm
